gdb a.out
GNU gdb (Ubuntu 8.1.1-0ubuntu1) 8.1.1
Copyright (C) 2018 Free Software Foundation, Inc.
License GPLv3+: GNU GPL version 3 or later <http://gnu.org/licenses/gpl.html>
This is free software: you are free to change and redistribute it.
There is NO WARRANTY, to the extent permitted by law.  Type "show copying"
and "show warranty" for details.
This GDB was configured as "x86_64-linux-gnu".
Type "show configuration" for configuration details.
For bug reporting instructions, please see:
<http://www.gnu.org/software/gdb/bugs/>.
Find the GDB manual and other documentation resources online at:
<http://www.gnu.org/software/gdb/documentation/>.
For help, type "help".
Type "apropos word" to search for commands related to "word"...
Reading symbols from a.out...done.
(gdb) b main
Breakpoint 1 at 0xa0b: file p8original.c, line 71.
(gdb) r
Starting program: /home/runner/pps-IA1-practice/a.out 
warning: Error disabling address space randomization: Operation not permitted

Breakpoint 1, main () at p8original.c:71
71   {
(gdb) s
72     int n=input_n();
(gdb) n
Enter the number of complex number 2
73     complex c[n],res;
(gdb) n
74     input_n_complex(n,c);
(gdb) n
Enter the real part 45
Enter the imaginary part54
Enter the real part54
Enter the imaginary part54
75     res=add_n_complex(n,c);
(gdb) n
76     output(n,c,res);
(gdb) n
45.00+54.00i
54.00+54.00i
100.00+109.00i
77     return 0;
(gdb) n
78   }(gdb) c
Continuing.
[Inferior 1 (process 235) exited normally]
(gdb) 